Archive member included because of file (symbol)

f:/embeded diploma/programms/sdk_win_64/sdk_win_64/winavr/bin/../lib/gcc/avr/4.3.3/avr5\libgcc.a(_exit.o)
                              f:/embeded diploma/programms/sdk_win_64/sdk_win_64/winavr/bin/../lib/gcc/avr/4.3.3/../../../../avr/lib/avr5/crtm32.o (exit)
f:/embeded diploma/programms/sdk_win_64/sdk_win_64/winavr/bin/../lib/gcc/avr/4.3.3/avr5\libgcc.a(_copy_data.o)
                              ./Smart_Home/MCAL/USART_Prog.o (__do_copy_data)
f:/embeded diploma/programms/sdk_win_64/sdk_win_64/winavr/bin/../lib/gcc/avr/4.3.3/avr5\libgcc.a(_clear_bss.o)
                              ./Smart_Home/MCAL/Interrupt_Prog.o (__do_clear_bss)
f:/embeded diploma/programms/sdk_win_64/sdk_win_64/winavr/bin/../lib/gcc/avr/4.3.3/avr5\libgcc.a(_fixunssfsi.o)
                              ./Smart_Home/HAL/EEPROM_prog.o (__fixunssfsi)
f:/embeded diploma/programms/sdk_win_64/sdk_win_64/winavr/bin/../lib/gcc/avr/4.3.3/avr5\libgcc.a(_addsub_sf.o)
                              f:/embeded diploma/programms/sdk_win_64/sdk_win_64/winavr/bin/../lib/gcc/avr/4.3.3/avr5\libgcc.a(_fixunssfsi.o) (__subsf3)
f:/embeded diploma/programms/sdk_win_64/sdk_win_64/winavr/bin/../lib/gcc/avr/4.3.3/avr5\libgcc.a(_mul_sf.o)
                              ./Smart_Home/HAL/EEPROM_prog.o (__mulsf3)
f:/embeded diploma/programms/sdk_win_64/sdk_win_64/winavr/bin/../lib/gcc/avr/4.3.3/avr5\libgcc.a(_gt_sf.o)
                              ./Smart_Home/HAL/EEPROM_prog.o (__gtsf2)
f:/embeded diploma/programms/sdk_win_64/sdk_win_64/winavr/bin/../lib/gcc/avr/4.3.3/avr5\libgcc.a(_ge_sf.o)
                              f:/embeded diploma/programms/sdk_win_64/sdk_win_64/winavr/bin/../lib/gcc/avr/4.3.3/avr5\libgcc.a(_fixunssfsi.o) (__gesf2)
f:/embeded diploma/programms/sdk_win_64/sdk_win_64/winavr/bin/../lib/gcc/avr/4.3.3/avr5\libgcc.a(_lt_sf.o)
                              ./Smart_Home/HAL/EEPROM_prog.o (__ltsf2)
f:/embeded diploma/programms/sdk_win_64/sdk_win_64/winavr/bin/../lib/gcc/avr/4.3.3/avr5\libgcc.a(_sf_to_si.o)
                              f:/embeded diploma/programms/sdk_win_64/sdk_win_64/winavr/bin/../lib/gcc/avr/4.3.3/avr5\libgcc.a(_fixunssfsi.o) (__fixsfsi)
f:/embeded diploma/programms/sdk_win_64/sdk_win_64/winavr/bin/../lib/gcc/avr/4.3.3/avr5\libgcc.a(_thenan_sf.o)
                              f:/embeded diploma/programms/sdk_win_64/sdk_win_64/winavr/bin/../lib/gcc/avr/4.3.3/avr5\libgcc.a(_addsub_sf.o) (__thenan_sf)
f:/embeded diploma/programms/sdk_win_64/sdk_win_64/winavr/bin/../lib/gcc/avr/4.3.3/avr5\libgcc.a(_prologue.o)
                              f:/embeded diploma/programms/sdk_win_64/sdk_win_64/winavr/bin/../lib/gcc/avr/4.3.3/avr5\libgcc.a(_addsub_sf.o) (__prologue_saves__)
f:/embeded diploma/programms/sdk_win_64/sdk_win_64/winavr/bin/../lib/gcc/avr/4.3.3/avr5\libgcc.a(_epilogue.o)
                              f:/embeded diploma/programms/sdk_win_64/sdk_win_64/winavr/bin/../lib/gcc/avr/4.3.3/avr5\libgcc.a(_addsub_sf.o) (__epilogue_restores__)
f:/embeded diploma/programms/sdk_win_64/sdk_win_64/winavr/bin/../lib/gcc/avr/4.3.3/avr5\libgcc.a(_pack_sf.o)
                              f:/embeded diploma/programms/sdk_win_64/sdk_win_64/winavr/bin/../lib/gcc/avr/4.3.3/avr5\libgcc.a(_addsub_sf.o) (__pack_f)
f:/embeded diploma/programms/sdk_win_64/sdk_win_64/winavr/bin/../lib/gcc/avr/4.3.3/avr5\libgcc.a(_unpack_sf.o)
                              f:/embeded diploma/programms/sdk_win_64/sdk_win_64/winavr/bin/../lib/gcc/avr/4.3.3/avr5\libgcc.a(_addsub_sf.o) (__unpack_f)
f:/embeded diploma/programms/sdk_win_64/sdk_win_64/winavr/bin/../lib/gcc/avr/4.3.3/avr5\libgcc.a(_fpcmp_parts_sf.o)
                              f:/embeded diploma/programms/sdk_win_64/sdk_win_64/winavr/bin/../lib/gcc/avr/4.3.3/avr5\libgcc.a(_gt_sf.o) (__fpcmp_parts_f)
f:/embeded diploma/programms/sdk_win_64/sdk_win_64/winavr/bin/../lib/gcc/avr/4.3.3/../../../../avr/lib/avr5\libc.a(strcmp.o)
                              ./Smart_Home/HAL/EEPROM_prog.o (strcmp)

Memory Configuration

Name             Origin             Length             Attributes
text             0x00000000         0x00020000         xr
data             0x00800060         0x0000ffa0         rw !x
eeprom           0x00810000         0x00010000         rw !x
fuse             0x00820000         0x00000400         rw !x
lock             0x00830000         0x00000400         rw !x
signature        0x00840000         0x00000400         rw !x
*default*        0x00000000         0xffffffff

Linker script and memory map

LOAD f:/embeded diploma/programms/sdk_win_64/sdk_win_64/winavr/bin/../lib/gcc/avr/4.3.3/../../../../avr/lib/avr5/crtm32.o
LOAD ./Smart_Home/MCAL/ADC_Prog.o
LOAD ./Smart_Home/MCAL/DIO_prog.o
LOAD ./Smart_Home/MCAL/GIE_Prog.o
LOAD ./Smart_Home/MCAL/IIC_prog.o
LOAD ./Smart_Home/MCAL/Interrupt_Prog.o
LOAD ./Smart_Home/MCAL/Timer0_Prog.o
LOAD ./Smart_Home/MCAL/Timer_Servo_Prog.o
LOAD ./Smart_Home/MCAL/USART_Prog.o
LOAD ./Smart_Home/HAL/AC_Prog.o
LOAD ./Smart_Home/HAL/Door_Prog.o
LOAD ./Smart_Home/HAL/EEPROM_prog.o
LOAD ./Smart_Home/HAL/Keypad_prog.o
LOAD ./Smart_Home/HAL/LCD_prog.o
LOAD ./Smart_Home/HAL/LED_Buzzer_Prog.o
LOAD ./Smart_Home/HAL/Remote_Prog.o
LOAD ./Smart_Home/HAL/Temprature_Sensor_Prog.o
LOAD ./Smart_Home/APP/main.o
LOAD f:/embeded diploma/programms/sdk_win_64/sdk_win_64/winavr/bin/../lib/gcc/avr/4.3.3/avr5\libgcc.a
LOAD f:/embeded diploma/programms/sdk_win_64/sdk_win_64/winavr/bin/../lib/gcc/avr/4.3.3/../../../../avr/lib/avr5\libc.a
LOAD f:/embeded diploma/programms/sdk_win_64/sdk_win_64/winavr/bin/../lib/gcc/avr/4.3.3/avr5\libgcc.a

.hash
 *(.hash)

.dynsym
 *(.dynsym)

.dynstr
 *(.dynstr)

.gnu.version
 *(.gnu.version)

.gnu.version_d
 *(.gnu.version_d)

.gnu.version_r
 *(.gnu.version_r)

.rel.init
 *(.rel.init)

.rela.init
 *(.rela.init)

.rel.text
 *(.rel.text)
 *(.rel.text.*)
 *(.rel.gnu.linkonce.t*)

.rela.text
 *(.rela.text)
 *(.rela.text.*)
 *(.rela.gnu.linkonce.t*)

.rel.fini
 *(.rel.fini)

.rela.fini
 *(.rela.fini)

.rel.rodata
 *(.rel.rodata)
 *(.rel.rodata.*)
 *(.rel.gnu.linkonce.r*)

.rela.rodata
 *(.rela.rodata)
 *(.rela.rodata.*)
 *(.rela.gnu.linkonce.r*)

.rel.data
 *(.rel.data)
 *(.rel.data.*)
 *(.rel.gnu.linkonce.d*)

.rela.data
 *(.rela.data)
 *(.rela.data.*)
 *(.rela.gnu.linkonce.d*)

.rel.ctors
 *(.rel.ctors)

.rela.ctors
 *(.rela.ctors)

.rel.dtors
 *(.rel.dtors)

.rela.dtors
 *(.rela.dtors)

.rel.got
 *(.rel.got)

.rela.got
 *(.rela.got)

.rel.bss
 *(.rel.bss)

.rela.bss
 *(.rela.bss)

.rel.plt
 *(.rel.plt)

.rela.plt
 *(.rela.plt)

.text           0x00000000     0x4482
 *(.vectors)
 .vectors       0x00000000       0x54 f:/embeded diploma/programms/sdk_win_64/sdk_win_64/winavr/bin/../lib/gcc/avr/4.3.3/../../../../avr/lib/avr5/crtm32.o
                0x00000000                __vectors
                0x00000000                __vector_default
 *(.vectors)
 *(.progmem.gcc*)
 *(.progmem*)
                0x00000054                . = ALIGN (0x2)
                0x00000054                __trampolines_start = .
 *(.trampolines)
 .trampolines   0x00000054        0x0 linker stubs
 *(.trampolines*)
                0x00000054                __trampolines_end = .
 *(.jumptables)
 *(.jumptables*)
 *(.lowtext)
 *(.lowtext*)
                0x00000054                __ctors_start = .
 *(.ctors)
                0x00000054                __ctors_end = .
                0x00000054                __dtors_start = .
 *(.dtors)
                0x00000054                __dtors_end = .
 SORT(*)(.ctors)
 SORT(*)(.dtors)
 *(.init0)
 .init0         0x00000054        0x0 f:/embeded diploma/programms/sdk_win_64/sdk_win_64/winavr/bin/../lib/gcc/avr/4.3.3/../../../../avr/lib/avr5/crtm32.o
                0x00000054                __init
 *(.init0)
 *(.init1)
 *(.init1)
 *(.init2)
 .init2         0x00000054        0xc f:/embeded diploma/programms/sdk_win_64/sdk_win_64/winavr/bin/../lib/gcc/avr/4.3.3/../../../../avr/lib/avr5/crtm32.o
 *(.init2)
 *(.init3)
 *(.init3)
 *(.init4)
 .init4         0x00000060       0x16 f:/embeded diploma/programms/sdk_win_64/sdk_win_64/winavr/bin/../lib/gcc/avr/4.3.3/avr5\libgcc.a(_copy_data.o)
                0x00000060                __do_copy_data
 .init4         0x00000076       0x10 f:/embeded diploma/programms/sdk_win_64/sdk_win_64/winavr/bin/../lib/gcc/avr/4.3.3/avr5\libgcc.a(_clear_bss.o)
                0x00000076                __do_clear_bss
 *(.init4)
 *(.init5)
 *(.init5)
 *(.init6)
 *(.init6)
 *(.init7)
 *(.init7)
 *(.init8)
 *(.init8)
 *(.init9)
 .init9         0x00000086        0x8 f:/embeded diploma/programms/sdk_win_64/sdk_win_64/winavr/bin/../lib/gcc/avr/4.3.3/../../../../avr/lib/avr5/crtm32.o
 *(.init9)
 *(.text)
 .text          0x0000008e        0x4 f:/embeded diploma/programms/sdk_win_64/sdk_win_64/winavr/bin/../lib/gcc/avr/4.3.3/../../../../avr/lib/avr5/crtm32.o
                0x0000008e                __vector_1
                0x0000008e                __vector_12
                0x0000008e                __bad_interrupt
                0x0000008e                __vector_6
                0x0000008e                __vector_3
                0x0000008e                __vector_11
                0x0000008e                __vector_17
                0x0000008e                __vector_19
                0x0000008e                __vector_7
                0x0000008e                __vector_5
                0x0000008e                __vector_4
                0x0000008e                __vector_9
                0x0000008e                __vector_2
                0x0000008e                __vector_15
                0x0000008e                __vector_8
                0x0000008e                __vector_14
                0x0000008e                __vector_10
                0x0000008e                __vector_16
                0x0000008e                __vector_18
                0x0000008e                __vector_20
 .text          0x00000092        0x0 ./Smart_Home/MCAL/ADC_Prog.o
 .text          0x00000092        0x0 ./Smart_Home/MCAL/DIO_prog.o
 .text          0x00000092        0x0 ./Smart_Home/MCAL/GIE_Prog.o
 .text          0x00000092        0x0 ./Smart_Home/MCAL/IIC_prog.o
 .text          0x00000092        0x0 ./Smart_Home/MCAL/Interrupt_Prog.o
 .text          0x00000092        0x0 ./Smart_Home/MCAL/Timer0_Prog.o
 .text          0x00000092        0x0 ./Smart_Home/MCAL/Timer_Servo_Prog.o
 .text          0x00000092        0x0 ./Smart_Home/MCAL/USART_Prog.o
 .text          0x00000092        0x0 ./Smart_Home/HAL/AC_Prog.o
 .text          0x00000092        0x0 ./Smart_Home/HAL/Door_Prog.o
 .text          0x00000092        0x0 ./Smart_Home/HAL/EEPROM_prog.o
 .text          0x00000092        0x0 ./Smart_Home/HAL/Keypad_prog.o
 .text          0x00000092        0x0 ./Smart_Home/HAL/LCD_prog.o
 .text          0x00000092        0x0 ./Smart_Home/HAL/LED_Buzzer_Prog.o
 .text          0x00000092        0x0 ./Smart_Home/HAL/Remote_Prog.o
 .text          0x00000092        0x0 ./Smart_Home/HAL/Temprature_Sensor_Prog.o
 .text          0x00000092        0x0 ./Smart_Home/APP/main.o
 .text          0x00000092        0x0 f:/embeded diploma/programms/sdk_win_64/sdk_win_64/winavr/bin/../lib/gcc/avr/4.3.3/avr5\libgcc.a(_exit.o)
 .text          0x00000092        0x0 f:/embeded diploma/programms/sdk_win_64/sdk_win_64/winavr/bin/../lib/gcc/avr/4.3.3/avr5\libgcc.a(_copy_data.o)
 .text          0x00000092        0x0 f:/embeded diploma/programms/sdk_win_64/sdk_win_64/winavr/bin/../lib/gcc/avr/4.3.3/avr5\libgcc.a(_clear_bss.o)
 .text          0x00000092       0x58 f:/embeded diploma/programms/sdk_win_64/sdk_win_64/winavr/bin/../lib/gcc/avr/4.3.3/avr5\libgcc.a(_fixunssfsi.o)
                0x00000092                __fixunssfsi
 .text          0x000000ea      0x354 f:/embeded diploma/programms/sdk_win_64/sdk_win_64/winavr/bin/../lib/gcc/avr/4.3.3/avr5\libgcc.a(_addsub_sf.o)
                0x00000382                __subsf3
                0x000003e4                __addsf3
 .text          0x0000043e      0x1f4 f:/embeded diploma/programms/sdk_win_64/sdk_win_64/winavr/bin/../lib/gcc/avr/4.3.3/avr5\libgcc.a(_mul_sf.o)
                0x0000043e                __mulsf3
 .text          0x00000632       0x60 f:/embeded diploma/programms/sdk_win_64/sdk_win_64/winavr/bin/../lib/gcc/avr/4.3.3/avr5\libgcc.a(_gt_sf.o)
                0x00000632                __gtsf2
 .text          0x00000692       0x60 f:/embeded diploma/programms/sdk_win_64/sdk_win_64/winavr/bin/../lib/gcc/avr/4.3.3/avr5\libgcc.a(_ge_sf.o)
                0x00000692                __gesf2
 .text          0x000006f2       0x60 f:/embeded diploma/programms/sdk_win_64/sdk_win_64/winavr/bin/../lib/gcc/avr/4.3.3/avr5\libgcc.a(_lt_sf.o)
                0x000006f2                __ltsf2
 .text          0x00000752       0xa8 f:/embeded diploma/programms/sdk_win_64/sdk_win_64/winavr/bin/../lib/gcc/avr/4.3.3/avr5\libgcc.a(_sf_to_si.o)
                0x00000752                __fixsfsi
 .text          0x000007fa        0x0 f:/embeded diploma/programms/sdk_win_64/sdk_win_64/winavr/bin/../lib/gcc/avr/4.3.3/avr5\libgcc.a(_thenan_sf.o)
 .text          0x000007fa        0x0 f:/embeded diploma/programms/sdk_win_64/sdk_win_64/winavr/bin/../lib/gcc/avr/4.3.3/avr5\libgcc.a(_prologue.o)
 .text          0x000007fa        0x0 f:/embeded diploma/programms/sdk_win_64/sdk_win_64/winavr/bin/../lib/gcc/avr/4.3.3/avr5\libgcc.a(_epilogue.o)
 .text          0x000007fa      0x1aa f:/embeded diploma/programms/sdk_win_64/sdk_win_64/winavr/bin/../lib/gcc/avr/4.3.3/avr5\libgcc.a(_pack_sf.o)
                0x000007fa                __pack_f
 .text          0x000009a4       0xf0 f:/embeded diploma/programms/sdk_win_64/sdk_win_64/winavr/bin/../lib/gcc/avr/4.3.3/avr5\libgcc.a(_unpack_sf.o)
                0x000009a4                __unpack_f
 .text          0x00000a94       0xb2 f:/embeded diploma/programms/sdk_win_64/sdk_win_64/winavr/bin/../lib/gcc/avr/4.3.3/avr5\libgcc.a(_fpcmp_parts_sf.o)
                0x00000a94                __fpcmp_parts_f
 .text          0x00000b46        0x0 f:/embeded diploma/programms/sdk_win_64/sdk_win_64/winavr/bin/../lib/gcc/avr/4.3.3/../../../../avr/lib/avr5\libc.a(strcmp.o)
                0x00000b46                . = ALIGN (0x2)
 *(.text.*)
 .text.AD_Init  0x00000b46      0x24c ./Smart_Home/MCAL/ADC_Prog.o
                0x00000b46                AD_Init
 .text.AD_Start_Conversion
                0x00000d92       0x1c ./Smart_Home/MCAL/ADC_Prog.o
                0x00000d92                AD_Start_Conversion
 .text.Auto_Trigger_Enable
                0x00000dae       0x5c ./Smart_Home/MCAL/ADC_Prog.o
                0x00000dae                Auto_Trigger_Enable
 .text.Analog_Select_Channel
                0x00000e0a       0x38 ./Smart_Home/MCAL/ADC_Prog.o
                0x00000e0a                Analog_Select_Channel
 .text.AD_Read_High
                0x00000e42       0x82 ./Smart_Home/MCAL/ADC_Prog.o
                0x00000e42                AD_Read_High
 .text.ADC_Polling
                0x00000ec4       0x36 ./Smart_Home/MCAL/ADC_Prog.o
                0x00000ec4                ADC_Polling
 .text.ADC_IE   0x00000efa       0x1c ./Smart_Home/MCAL/ADC_Prog.o
                0x00000efa                ADC_IE
 .text.DIO_enuInit
                0x00000f16       0x26 ./Smart_Home/MCAL/DIO_prog.o
                0x00000f16                DIO_enuInit
 .text.DIO_enuSetPinDirection
                0x00000f3c      0x1d8 ./Smart_Home/MCAL/DIO_prog.o
                0x00000f3c                DIO_enuSetPinDirection
 .text.DIO_enuSetPinValue
                0x00001114      0x1de ./Smart_Home/MCAL/DIO_prog.o
                0x00001114                DIO_enuSetPinValue
 .text.DIO_enuTogPinValue
                0x000012f2      0x11c ./Smart_Home/MCAL/DIO_prog.o
                0x000012f2                DIO_enuTogPinValue
 .text.DIO_enuGetPinValue
                0x0000140e      0x13c ./Smart_Home/MCAL/DIO_prog.o
                0x0000140e                DIO_enuGetPinValue
 .text.GIE_Enable
                0x0000154a       0x1c ./Smart_Home/MCAL/GIE_Prog.o
                0x0000154a                GIE_Enable
 .text.GIE_Disable
                0x00001566       0x1c ./Smart_Home/MCAL/GIE_Prog.o
                0x00001566                GIE_Disable
 .text.IIC_enuInit
                0x00001582       0x5e ./Smart_Home/MCAL/IIC_prog.o
                0x00001582                IIC_enuInit
 .text.IIC_enuStartCondition
                0x000015e0       0x54 ./Smart_Home/MCAL/IIC_prog.o
                0x000015e0                IIC_enuStartCondition
 .text.IIC_enuRepeatedStartCondition
                0x00001634       0x54 ./Smart_Home/MCAL/IIC_prog.o
                0x00001634                IIC_enuRepeatedStartCondition
 .text.IIC_enuStopCondition
                0x00001688       0x32 ./Smart_Home/MCAL/IIC_prog.o
                0x00001688                IIC_enuStopCondition
 .text.IIC_enuWriteSlaveAddress
                0x000016ba       0x9a ./Smart_Home/MCAL/IIC_prog.o
                0x000016ba                IIC_enuWriteSlaveAddress
 .text.IIC_enuWriteData
                0x00001754       0x52 ./Smart_Home/MCAL/IIC_prog.o
                0x00001754                IIC_enuWriteData
 .text.IIC_enuCheckMyAddress
                0x000017a6       0x6e ./Smart_Home/MCAL/IIC_prog.o
                0x000017a6                IIC_enuCheckMyAddress
 .text.IIC_enuReadData
                0x00001814       0x96 ./Smart_Home/MCAL/IIC_prog.o
                0x00001814                IIC_enuReadData
 .text.__vector_13
                0x000018aa       0x66 ./Smart_Home/MCAL/Interrupt_Prog.o
                0x000018aa                __vector_13
 .text.Call_Back_Fun
                0x00001910       0x2c ./Smart_Home/MCAL/Interrupt_Prog.o
                0x00001910                Call_Back_Fun
 .text.Waveform0_Gen_Mode
                0x0000193c       0x2a ./Smart_Home/MCAL/Timer0_Prog.o
                0x0000193c                Waveform0_Gen_Mode
 .text.Compare0_Match_Out_Mode
                0x00001966       0x2a ./Smart_Home/MCAL/Timer0_Prog.o
                0x00001966                Compare0_Match_Out_Mode
 .text.Clk0_Select
                0x00001990       0x38 ./Smart_Home/MCAL/Timer0_Prog.o
                0x00001990                Clk0_Select
 .text.OCR0_Value
                0x000019c8       0x1c ./Smart_Home/MCAL/Timer0_Prog.o
                0x000019c8                OCR0_Value
 .text.MotOr_0ff
                0x000019e4       0x14 ./Smart_Home/MCAL/Timer0_Prog.o
                0x000019e4                MotOr_0ff
 .text.MotOr_On
                0x000019f8       0x16 ./Smart_Home/MCAL/Timer0_Prog.o
                0x000019f8                MotOr_On
 .text.TOV_EN   0x00001a0e       0x1c ./Smart_Home/MCAL/Timer_Servo_Prog.o
                0x00001a0e                TOV_EN
 .text.WR_TCNValue
                0x00001a2a       0x22 ./Smart_Home/MCAL/Timer_Servo_Prog.o
                0x00001a2a                WR_TCNValue
 .text.Select_Channel
                0x00001a4c       0x2a ./Smart_Home/MCAL/Timer_Servo_Prog.o
                0x00001a4c                Select_Channel
 .text.Waveform_Gen_Mode
                0x00001a76       0x46 ./Smart_Home/MCAL/Timer_Servo_Prog.o
                0x00001a76                Waveform_Gen_Mode
 .text.CompareMode_Phase_correct
                0x00001abc       0x46 ./Smart_Home/MCAL/Timer_Servo_Prog.o
                0x00001abc                CompareMode_Phase_correct
 .text.Clk_Select
                0x00001b02       0x38 ./Smart_Home/MCAL/Timer_Servo_Prog.o
                0x00001b02                Clk_Select
 .text.OCR1AH_OCR1ALValue
                0x00001b3a       0x2e ./Smart_Home/MCAL/Timer_Servo_Prog.o
                0x00001b3a                OCR1AH_OCR1ALValue
 .text.OCR1AL_Value
                0x00001b68       0x1c ./Smart_Home/MCAL/Timer_Servo_Prog.o
                0x00001b68                OCR1AL_Value
 .text.OCR1AH_Value
                0x00001b84       0x1c ./Smart_Home/MCAL/Timer_Servo_Prog.o
                0x00001b84                OCR1AH_Value
 .text.Motor_180_DEG
                0x00001ba0       0x1c ./Smart_Home/MCAL/Timer_Servo_Prog.o
                0x00001ba0                Motor_180_DEG
 .text.Motor_90_DEG
                0x00001bbc       0x1c ./Smart_Home/MCAL/Timer_Servo_Prog.o
                0x00001bbc                Motor_90_DEG
 .text.Motor_0_DEG
                0x00001bd8       0x1c ./Smart_Home/MCAL/Timer_Servo_Prog.o
                0x00001bd8                Motor_0_DEG
 .text.USART_Init
                0x00001bf4      0x1e6 ./Smart_Home/MCAL/USART_Prog.o
                0x00001bf4                USART_Init
 .text.USART_TX_Enabel
                0x00001dda       0x1c ./Smart_Home/MCAL/USART_Prog.o
                0x00001dda                USART_TX_Enabel
 .text.USART_RX_Enabel
                0x00001df6       0x1c ./Smart_Home/MCAL/USART_Prog.o
                0x00001df6                USART_RX_Enabel
 .text.USART_TX_IE
                0x00001e12       0x1c ./Smart_Home/MCAL/USART_Prog.o
                0x00001e12                USART_TX_IE
 .text.USART_RX_IE
                0x00001e2e       0x1c ./Smart_Home/MCAL/USART_Prog.o
                0x00001e2e                USART_RX_IE
 .text.USART_RX_ID
                0x00001e4a       0x1c ./Smart_Home/MCAL/USART_Prog.o
                0x00001e4a                USART_RX_ID
 .text.USART_UDRE_IE
                0x00001e66       0x1c ./Smart_Home/MCAL/USART_Prog.o
                0x00001e66                USART_UDRE_IE
 .text.USART_Baud_Rate
                0x00001e82       0x1c ./Smart_Home/MCAL/USART_Prog.o
                0x00001e82                USART_Baud_Rate
 .text.USART_Send_Char
                0x00001e9e       0x34 ./Smart_Home/MCAL/USART_Prog.o
                0x00001e9e                USART_Send_Char
 .text.USART_Recive_Char
                0x00001ed2       0x1e ./Smart_Home/MCAL/USART_Prog.o
                0x00001ed2                USART_Recive_Char
 .text.USART_Send_String
                0x00001ef0       0x6c ./Smart_Home/MCAL/USART_Prog.o
                0x00001ef0                USART_Send_String
 .text.USART_Recive_String
                0x00001f5c       0x7e ./Smart_Home/MCAL/USART_Prog.o
                0x00001f5c                USART_Recive_String
 .text.AC_On    0x00001fda       0x12 ./Smart_Home/HAL/AC_Prog.o
                0x00001fda                AC_On
 .text.AC_Off   0x00001fec       0x12 ./Smart_Home/HAL/AC_Prog.o
                0x00001fec                AC_Off
 .text.AC_Init  0x00001ffe       0x28 ./Smart_Home/HAL/AC_Prog.o
                0x00001ffe                AC_Init
 .text.Door_Open
                0x00002026       0x12 ./Smart_Home/HAL/Door_Prog.o
                0x00002026                Door_Open
 .text.Door_Close
                0x00002038       0x12 ./Smart_Home/HAL/Door_Prog.o
                0x00002038                Door_Close
 .text.Door_Ini
                0x0000204a       0x38 ./Smart_Home/HAL/Door_Prog.o
                0x0000204a                Door_Ini
 .text.EEPROM_enuInit
                0x00002082       0x1c ./Smart_Home/HAL/EEPROM_prog.o
                0x00002082                EEPROM_enuInit
 .text.EEPROM_enuWriteData
                0x0000209e       0x76 ./Smart_Home/HAL/EEPROM_prog.o
                0x0000209e                EEPROM_enuWriteData
 .text.EEPROM_enuReadData
                0x00002114       0x94 ./Smart_Home/HAL/EEPROM_prog.o
                0x00002114                EEPROM_enuReadData
 .text.Save_Info
                0x000021a8      0x152 ./Smart_Home/HAL/EEPROM_prog.o
                0x000021a8                Save_Info
 .text.Read_Info
                0x000022fa      0x14e ./Smart_Home/HAL/EEPROM_prog.o
                0x000022fa                Read_Info
 .text.Info_Check
                0x00002448      0x304 ./Smart_Home/HAL/EEPROM_prog.o
                0x00002448                Info_Check
 .text.Keypad_enuInit
                0x0000274c       0xb6 ./Smart_Home/HAL/Keypad_prog.o
                0x0000274c                Keypad_enuInit
 .text.Keypad_enuGetPressedKey
                0x00002802      0x304 ./Smart_Home/HAL/Keypad_prog.o
                0x00002802                Keypad_enuGetPressedKey
 .text.KeyPad_Press_Check
                0x00002b06       0x2e ./Smart_Home/HAL/Keypad_prog.o
                0x00002b06                KeyPad_Press_Check
 .text.KeyPad_Typing
                0x00002b34       0x5a ./Smart_Home/HAL/Keypad_prog.o
                0x00002b34                KeyPad_Typing
 .text.LCD_enuInit
                0x00002b8e      0x440 ./Smart_Home/HAL/LCD_prog.o
                0x00002b8e                LCD_enuInit
 .text.LCD_enuSendData
                0x00002fce       0x2a ./Smart_Home/HAL/LCD_prog.o
                0x00002fce                LCD_enuSendData
 .text.LCD_enuSendCommand
                0x00002ff8       0x2a ./Smart_Home/HAL/LCD_prog.o
                0x00002ff8                LCD_enuSendCommand
 .text.LCD_enuSendString
                0x00003022       0x4c ./Smart_Home/HAL/LCD_prog.o
                0x00003022                LCD_enuSendString
 .text.LCD_enuWriteNLatch
                0x0000306e      0x7e8 ./Smart_Home/HAL/LCD_prog.o
 .text.LCD_DisplayUser
                0x00003856       0x26 ./Smart_Home/HAL/LCD_prog.o
                0x00003856                LCD_DisplayUser
 .text.LCD_ClearDisplay
                0x0000387c       0x1e ./Smart_Home/HAL/LCD_prog.o
                0x0000387c                LCD_ClearDisplay
 .text.LCD_DisplayPassword
                0x0000389a       0x3c ./Smart_Home/HAL/LCD_prog.o
                0x0000389a                LCD_DisplayPassword
 .text.leds_vON
                0x000038d6       0x72 ./Smart_Home/HAL/LED_Buzzer_Prog.o
                0x000038d6                leds_vON
 .text.leds_vOFF
                0x00003948       0x72 ./Smart_Home/HAL/LED_Buzzer_Prog.o
                0x00003948                leds_vOFF
 .text.buzzer_vON
                0x000039ba       0x22 ./Smart_Home/HAL/LED_Buzzer_Prog.o
                0x000039ba                buzzer_vON
 .text.buzzer_vOFF
                0x000039dc       0x22 ./Smart_Home/HAL/LED_Buzzer_Prog.o
                0x000039dc                buzzer_vOFF
 .text.Remote_Init
                0x000039fe       0x3a ./Smart_Home/HAL/Remote_Prog.o
                0x000039fe                Remote_Init
 .text.Remote_Typing
                0x00003a38       0xa0 ./Smart_Home/HAL/Remote_Prog.o
                0x00003a38                Remote_Typing
 .text.Remote_Send_String
                0x00003ad8       0x20 ./Smart_Home/HAL/Remote_Prog.o
                0x00003ad8                Remote_Send_String
 .text.Remote_New_Line
                0x00003af8       0x30 ./Smart_Home/HAL/Remote_Prog.o
                0x00003af8                Remote_New_Line
 .text.Remote_Display
                0x00003b28       0x62 ./Smart_Home/HAL/Remote_Prog.o
                0x00003b28                Remote_Display
 .text.Temp_Sens_Init
                0x00003b8a       0x1c ./Smart_Home/HAL/Temprature_Sensor_Prog.o
                0x00003b8a                Temp_Sens_Init
 .text.Temp_Sens_Read
                0x00003ba6       0x2c ./Smart_Home/HAL/Temprature_Sensor_Prog.o
                0x00003ba6                Temp_Sens_Read
 .text.Temp_AC_Check
                0x00003bd2       0x3a ./Smart_Home/HAL/Temprature_Sensor_Prog.o
                0x00003bd2                Temp_AC_Check
 .text.main     0x00003c0c      0x7a0 ./Smart_Home/APP/main.o
                0x00003c0c                main
 .text.Peripherals_Init
                0x000043ac       0x36 ./Smart_Home/APP/main.o
                0x000043ac                Peripherals_Init
 .text.Program_Check_Fun
                0x000043e2       0x1c ./Smart_Home/APP/main.o
                0x000043e2                Program_Check_Fun
 .text.libgcc   0x000043fe        0x0 f:/embeded diploma/programms/sdk_win_64/sdk_win_64/winavr/bin/../lib/gcc/avr/4.3.3/avr5\libgcc.a(_exit.o)
 .text.libgcc   0x000043fe        0x0 f:/embeded diploma/programms/sdk_win_64/sdk_win_64/winavr/bin/../lib/gcc/avr/4.3.3/avr5\libgcc.a(_copy_data.o)
 .text.libgcc   0x000043fe        0x0 f:/embeded diploma/programms/sdk_win_64/sdk_win_64/winavr/bin/../lib/gcc/avr/4.3.3/avr5\libgcc.a(_clear_bss.o)
 .text.libgcc   0x000043fe       0x38 f:/embeded diploma/programms/sdk_win_64/sdk_win_64/winavr/bin/../lib/gcc/avr/4.3.3/avr5\libgcc.a(_prologue.o)
                0x000043fe                __prologue_saves__
 .text.libgcc   0x00004436       0x36 f:/embeded diploma/programms/sdk_win_64/sdk_win_64/winavr/bin/../lib/gcc/avr/4.3.3/avr5\libgcc.a(_epilogue.o)
                0x00004436                __epilogue_restores__
 .text.avr-libc
                0x0000446c       0x12 f:/embeded diploma/programms/sdk_win_64/sdk_win_64/winavr/bin/../lib/gcc/avr/4.3.3/../../../../avr/lib/avr5\libc.a(strcmp.o)
                0x0000446c                strcmp
                0x0000447e                . = ALIGN (0x2)
 *(.fini9)
 .fini9         0x0000447e        0x0 f:/embeded diploma/programms/sdk_win_64/sdk_win_64/winavr/bin/../lib/gcc/avr/4.3.3/avr5\libgcc.a(_exit.o)
                0x0000447e                exit
                0x0000447e                _exit
 *(.fini9)
 *(.fini8)
 *(.fini8)
 *(.fini7)
 *(.fini7)
 *(.fini6)
 *(.fini6)
 *(.fini5)
 *(.fini5)
 *(.fini4)
 *(.fini4)
 *(.fini3)
 *(.fini3)
 *(.fini2)
 *(.fini2)
 *(.fini1)
 *(.fini1)
 *(.fini0)
 .fini0         0x0000447e        0x4 f:/embeded diploma/programms/sdk_win_64/sdk_win_64/winavr/bin/../lib/gcc/avr/4.3.3/avr5\libgcc.a(_exit.o)
 *(.fini0)
                0x00004482                _etext = .

.data           0x00800060      0x3ce load address 0x00004482
                0x00800060                PROVIDE (__data_start, .)
 *(.data)
 .data          0x00800060        0x0 f:/embeded diploma/programms/sdk_win_64/sdk_win_64/winavr/bin/../lib/gcc/avr/4.3.3/../../../../avr/lib/avr5/crtm32.o
 .data          0x00800060        0x0 ./Smart_Home/MCAL/ADC_Prog.o
 .data          0x00800060        0x0 ./Smart_Home/MCAL/DIO_prog.o
 .data          0x00800060        0x0 ./Smart_Home/MCAL/GIE_Prog.o
 .data          0x00800060        0x0 ./Smart_Home/MCAL/IIC_prog.o
 .data          0x00800060        0x0 ./Smart_Home/MCAL/Interrupt_Prog.o
 .data          0x00800060        0x0 ./Smart_Home/MCAL/Timer0_Prog.o
 .data          0x00800060        0x0 ./Smart_Home/MCAL/Timer_Servo_Prog.o
 .data          0x00800060        0x0 ./Smart_Home/MCAL/USART_Prog.o
 .data          0x00800060        0x0 ./Smart_Home/HAL/AC_Prog.o
 .data          0x00800060        0x0 ./Smart_Home/HAL/Door_Prog.o
 .data          0x00800060        0x0 ./Smart_Home/HAL/EEPROM_prog.o
 .data          0x00800060        0x0 ./Smart_Home/HAL/Keypad_prog.o
 .data          0x00800060        0x0 ./Smart_Home/HAL/LCD_prog.o
 .data          0x00800060        0x0 ./Smart_Home/HAL/LED_Buzzer_Prog.o
 .data          0x00800060       0x20 ./Smart_Home/HAL/Remote_Prog.o
 .data          0x00800080        0x6 ./Smart_Home/HAL/Temprature_Sensor_Prog.o
 .data          0x00800086      0x388 ./Smart_Home/APP/main.o
 .data          0x0080040e        0x0 f:/embeded diploma/programms/sdk_win_64/sdk_win_64/winavr/bin/../lib/gcc/avr/4.3.3/avr5\libgcc.a(_exit.o)
 .data          0x0080040e        0x0 f:/embeded diploma/programms/sdk_win_64/sdk_win_64/winavr/bin/../lib/gcc/avr/4.3.3/avr5\libgcc.a(_copy_data.o)
 .data          0x0080040e        0x0 f:/embeded diploma/programms/sdk_win_64/sdk_win_64/winavr/bin/../lib/gcc/avr/4.3.3/avr5\libgcc.a(_clear_bss.o)
 .data          0x0080040e        0x0 f:/embeded diploma/programms/sdk_win_64/sdk_win_64/winavr/bin/../lib/gcc/avr/4.3.3/avr5\libgcc.a(_fixunssfsi.o)
 .data          0x0080040e        0x0 f:/embeded diploma/programms/sdk_win_64/sdk_win_64/winavr/bin/../lib/gcc/avr/4.3.3/avr5\libgcc.a(_addsub_sf.o)
 .data          0x0080040e        0x0 f:/embeded diploma/programms/sdk_win_64/sdk_win_64/winavr/bin/../lib/gcc/avr/4.3.3/avr5\libgcc.a(_mul_sf.o)
 .data          0x0080040e        0x0 f:/embeded diploma/programms/sdk_win_64/sdk_win_64/winavr/bin/../lib/gcc/avr/4.3.3/avr5\libgcc.a(_gt_sf.o)
 .data          0x0080040e        0x0 f:/embeded diploma/programms/sdk_win_64/sdk_win_64/winavr/bin/../lib/gcc/avr/4.3.3/avr5\libgcc.a(_ge_sf.o)
 .data          0x0080040e        0x0 f:/embeded diploma/programms/sdk_win_64/sdk_win_64/winavr/bin/../lib/gcc/avr/4.3.3/avr5\libgcc.a(_lt_sf.o)
 .data          0x0080040e        0x0 f:/embeded diploma/programms/sdk_win_64/sdk_win_64/winavr/bin/../lib/gcc/avr/4.3.3/avr5\libgcc.a(_sf_to_si.o)
 .data          0x0080040e        0x8 f:/embeded diploma/programms/sdk_win_64/sdk_win_64/winavr/bin/../lib/gcc/avr/4.3.3/avr5\libgcc.a(_thenan_sf.o)
                0x0080040e                __thenan_sf
 .data          0x00800416        0x0 f:/embeded diploma/programms/sdk_win_64/sdk_win_64/winavr/bin/../lib/gcc/avr/4.3.3/avr5\libgcc.a(_prologue.o)
 .data          0x00800416        0x0 f:/embeded diploma/programms/sdk_win_64/sdk_win_64/winavr/bin/../lib/gcc/avr/4.3.3/avr5\libgcc.a(_epilogue.o)
 .data          0x00800416        0x0 f:/embeded diploma/programms/sdk_win_64/sdk_win_64/winavr/bin/../lib/gcc/avr/4.3.3/avr5\libgcc.a(_pack_sf.o)
 .data          0x00800416        0x0 f:/embeded diploma/programms/sdk_win_64/sdk_win_64/winavr/bin/../lib/gcc/avr/4.3.3/avr5\libgcc.a(_unpack_sf.o)
 .data          0x00800416        0x0 f:/embeded diploma/programms/sdk_win_64/sdk_win_64/winavr/bin/../lib/gcc/avr/4.3.3/avr5\libgcc.a(_fpcmp_parts_sf.o)
 .data          0x00800416        0x0 f:/embeded diploma/programms/sdk_win_64/sdk_win_64/winavr/bin/../lib/gcc/avr/4.3.3/../../../../avr/lib/avr5\libc.a(strcmp.o)
 *(.data*)
 .data.State    0x00800416        0x1 ./Smart_Home/MCAL/USART_Prog.o
                0x00800416                State
 .data.User_Char
                0x00800417        0x6 ./Smart_Home/APP/main.o
                0x00800417                User_Char
 *(.rodata)
 *(.rodata*)
 .rodata.C.3.1346
                0x0080041d       0x10 ./Smart_Home/HAL/Keypad_prog.o
 *(.gnu.linkonce.d*)
                0x0080042e                . = ALIGN (0x2)
 *fill*         0x0080042d        0x1 00
                0x0080042e                _edata = .
                0x0080042e                PROVIDE (__data_end, .)

.bss            0x0080042e        0x3
                0x0080042e                PROVIDE (__bss_start, .)
 *(.bss)
 .bss           0x0080042e        0x0 f:/embeded diploma/programms/sdk_win_64/sdk_win_64/winavr/bin/../lib/gcc/avr/4.3.3/../../../../avr/lib/avr5/crtm32.o
 .bss           0x0080042e        0x0 ./Smart_Home/MCAL/ADC_Prog.o
 .bss           0x0080042e        0x0 ./Smart_Home/MCAL/DIO_prog.o
 .bss           0x0080042e        0x0 ./Smart_Home/MCAL/GIE_Prog.o
 .bss           0x0080042e        0x0 ./Smart_Home/MCAL/IIC_prog.o
 .bss           0x0080042e        0x0 ./Smart_Home/MCAL/Interrupt_Prog.o
 .bss           0x0080042e        0x0 ./Smart_Home/MCAL/Timer0_Prog.o
 .bss           0x0080042e        0x0 ./Smart_Home/MCAL/Timer_Servo_Prog.o
 .bss           0x0080042e        0x0 ./Smart_Home/MCAL/USART_Prog.o
 .bss           0x0080042e        0x0 ./Smart_Home/HAL/AC_Prog.o
 .bss           0x0080042e        0x0 ./Smart_Home/HAL/Door_Prog.o
 .bss           0x0080042e        0x0 ./Smart_Home/HAL/EEPROM_prog.o
 .bss           0x0080042e        0x0 ./Smart_Home/HAL/Keypad_prog.o
 .bss           0x0080042e        0x0 ./Smart_Home/HAL/LCD_prog.o
 .bss           0x0080042e        0x0 ./Smart_Home/HAL/LED_Buzzer_Prog.o
 .bss           0x0080042e        0x0 ./Smart_Home/HAL/Remote_Prog.o
 .bss           0x0080042e        0x0 ./Smart_Home/HAL/Temprature_Sensor_Prog.o
 .bss           0x0080042e        0x0 ./Smart_Home/APP/main.o
 .bss           0x0080042e        0x0 f:/embeded diploma/programms/sdk_win_64/sdk_win_64/winavr/bin/../lib/gcc/avr/4.3.3/avr5\libgcc.a(_exit.o)
 .bss           0x0080042e        0x0 f:/embeded diploma/programms/sdk_win_64/sdk_win_64/winavr/bin/../lib/gcc/avr/4.3.3/avr5\libgcc.a(_copy_data.o)
 .bss           0x0080042e        0x0 f:/embeded diploma/programms/sdk_win_64/sdk_win_64/winavr/bin/../lib/gcc/avr/4.3.3/avr5\libgcc.a(_clear_bss.o)
 .bss           0x0080042e        0x0 f:/embeded diploma/programms/sdk_win_64/sdk_win_64/winavr/bin/../lib/gcc/avr/4.3.3/avr5\libgcc.a(_fixunssfsi.o)
 .bss           0x0080042e        0x0 f:/embeded diploma/programms/sdk_win_64/sdk_win_64/winavr/bin/../lib/gcc/avr/4.3.3/avr5\libgcc.a(_addsub_sf.o)
 .bss           0x0080042e        0x0 f:/embeded diploma/programms/sdk_win_64/sdk_win_64/winavr/bin/../lib/gcc/avr/4.3.3/avr5\libgcc.a(_mul_sf.o)
 .bss           0x0080042e        0x0 f:/embeded diploma/programms/sdk_win_64/sdk_win_64/winavr/bin/../lib/gcc/avr/4.3.3/avr5\libgcc.a(_gt_sf.o)
 .bss           0x0080042e        0x0 f:/embeded diploma/programms/sdk_win_64/sdk_win_64/winavr/bin/../lib/gcc/avr/4.3.3/avr5\libgcc.a(_ge_sf.o)
 .bss           0x0080042e        0x0 f:/embeded diploma/programms/sdk_win_64/sdk_win_64/winavr/bin/../lib/gcc/avr/4.3.3/avr5\libgcc.a(_lt_sf.o)
 .bss           0x0080042e        0x0 f:/embeded diploma/programms/sdk_win_64/sdk_win_64/winavr/bin/../lib/gcc/avr/4.3.3/avr5\libgcc.a(_sf_to_si.o)
 .bss           0x0080042e        0x0 f:/embeded diploma/programms/sdk_win_64/sdk_win_64/winavr/bin/../lib/gcc/avr/4.3.3/avr5\libgcc.a(_thenan_sf.o)
 .bss           0x0080042e        0x0 f:/embeded diploma/programms/sdk_win_64/sdk_win_64/winavr/bin/../lib/gcc/avr/4.3.3/avr5\libgcc.a(_prologue.o)
 .bss           0x0080042e        0x0 f:/embeded diploma/programms/sdk_win_64/sdk_win_64/winavr/bin/../lib/gcc/avr/4.3.3/avr5\libgcc.a(_epilogue.o)
 .bss           0x0080042e        0x0 f:/embeded diploma/programms/sdk_win_64/sdk_win_64/winavr/bin/../lib/gcc/avr/4.3.3/avr5\libgcc.a(_pack_sf.o)
 .bss           0x0080042e        0x0 f:/embeded diploma/programms/sdk_win_64/sdk_win_64/winavr/bin/../lib/gcc/avr/4.3.3/avr5\libgcc.a(_unpack_sf.o)
 .bss           0x0080042e        0x0 f:/embeded diploma/programms/sdk_win_64/sdk_win_64/winavr/bin/../lib/gcc/avr/4.3.3/avr5\libgcc.a(_fpcmp_parts_sf.o)
 .bss           0x0080042e        0x0 f:/embeded diploma/programms/sdk_win_64/sdk_win_64/winavr/bin/../lib/gcc/avr/4.3.3/../../../../avr/lib/avr5\libc.a(strcmp.o)
 *(.bss*)
 .bss.gptr0     0x0080042e        0x2 ./Smart_Home/MCAL/Interrupt_Prog.o
 .bss.Program_Check
                0x00800430        0x1 ./Smart_Home/APP/main.o
 *(COMMON)
                0x00800431                PROVIDE (__bss_end, .)
                0x00004482                __data_load_start = LOADADDR (.data)
                0x00004850                __data_load_end = (__data_load_start + SIZEOF (.data))

.noinit         0x00800431        0x0
                0x00800431                PROVIDE (__noinit_start, .)
 *(.noinit*)
                0x00800431                PROVIDE (__noinit_end, .)
                0x00800431                _end = .
                0x00800431                PROVIDE (__heap_start, .)

.eeprom         0x00810000        0x0
 *(.eeprom*)
                0x00810000                __eeprom_end = .

.fuse
 *(.fuse)
 *(.lfuse)
 *(.hfuse)
 *(.efuse)

.lock
 *(.lock*)

.signature
 *(.signature*)

.stab           0x00000000     0x5a00
 *(.stab)
 .stab          0x00000000      0x4f8 ./Smart_Home/MCAL/ADC_Prog.o
 .stab          0x000004f8      0x600 ./Smart_Home/MCAL/DIO_prog.o
                                0x60c (size before relaxing)
 .stab          0x00000af8      0x144 ./Smart_Home/MCAL/GIE_Prog.o
                                0x1c8 (size before relaxing)
 .stab          0x00000c3c      0x66c ./Smart_Home/MCAL/IIC_prog.o
                                0x6f0 (size before relaxing)
 .stab          0x000012a8      0x174 ./Smart_Home/MCAL/Interrupt_Prog.o
                                0x1f8 (size before relaxing)
 .stab          0x0000141c      0x240 ./Smart_Home/MCAL/Timer0_Prog.o
                                0x2c4 (size before relaxing)
 .stab          0x0000165c      0x3e4 ./Smart_Home/MCAL/Timer_Servo_Prog.o
                                0x468 (size before relaxing)
 .stab          0x00001a40      0x804 ./Smart_Home/MCAL/USART_Prog.o
                                0x888 (size before relaxing)
 .stab          0x00002244      0x228 ./Smart_Home/HAL/AC_Prog.o
                                0x234 (size before relaxing)
 .stab          0x0000246c      0x1c8 ./Smart_Home/HAL/Door_Prog.o
                                0x24c (size before relaxing)
 .stab          0x00002634      0x954 ./Smart_Home/HAL/EEPROM_prog.o
                                0xaec (size before relaxing)
 .stab          0x00002f88      0x600 ./Smart_Home/HAL/Keypad_prog.o
                                0x834 (size before relaxing)
 .stab          0x00003588      0xd80 ./Smart_Home/HAL/LCD_prog.o
                                0xfcc (size before relaxing)
 .stab          0x00004308      0x2d0 ./Smart_Home/HAL/LED_Buzzer_Prog.o
                                0x51c (size before relaxing)
 .stab          0x000045d8      0x39c ./Smart_Home/HAL/Remote_Prog.o
                                0x420 (size before relaxing)
 .stab          0x00004974      0x24c ./Smart_Home/HAL/Temprature_Sensor_Prog.o
                                0x2d0 (size before relaxing)
 .stab          0x00004bc0      0xe40 ./Smart_Home/APP/main.o
                                0xffc (size before relaxing)

.stabstr        0x00000000     0x1e38
 *(.stabstr)
 .stabstr       0x00000000     0x1e38 ./Smart_Home/MCAL/ADC_Prog.o

.stab.excl
 *(.stab.excl)

.stab.exclstr
 *(.stab.exclstr)

.stab.index
 *(.stab.index)

.stab.indexstr
 *(.stab.indexstr)

.comment
 *(.comment)

.debug
 *(.debug)

.line
 *(.line)

.debug_srcinfo
 *(.debug_srcinfo)

.debug_sfnames
 *(.debug_sfnames)

.debug_aranges  0x00000000      0x140
 *(.debug_aranges)
 .debug_aranges
                0x00000000       0x20 f:/embeded diploma/programms/sdk_win_64/sdk_win_64/winavr/bin/../lib/gcc/avr/4.3.3/avr5\libgcc.a(_fixunssfsi.o)
 .debug_aranges
                0x00000020       0x20 f:/embeded diploma/programms/sdk_win_64/sdk_win_64/winavr/bin/../lib/gcc/avr/4.3.3/avr5\libgcc.a(_addsub_sf.o)
 .debug_aranges
                0x00000040       0x20 f:/embeded diploma/programms/sdk_win_64/sdk_win_64/winavr/bin/../lib/gcc/avr/4.3.3/avr5\libgcc.a(_mul_sf.o)
 .debug_aranges
                0x00000060       0x20 f:/embeded diploma/programms/sdk_win_64/sdk_win_64/winavr/bin/../lib/gcc/avr/4.3.3/avr5\libgcc.a(_gt_sf.o)
 .debug_aranges
                0x00000080       0x20 f:/embeded diploma/programms/sdk_win_64/sdk_win_64/winavr/bin/../lib/gcc/avr/4.3.3/avr5\libgcc.a(_ge_sf.o)
 .debug_aranges
                0x000000a0       0x20 f:/embeded diploma/programms/sdk_win_64/sdk_win_64/winavr/bin/../lib/gcc/avr/4.3.3/avr5\libgcc.a(_lt_sf.o)
 .debug_aranges
                0x000000c0       0x20 f:/embeded diploma/programms/sdk_win_64/sdk_win_64/winavr/bin/../lib/gcc/avr/4.3.3/avr5\libgcc.a(_sf_to_si.o)
 .debug_aranges
                0x000000e0       0x20 f:/embeded diploma/programms/sdk_win_64/sdk_win_64/winavr/bin/../lib/gcc/avr/4.3.3/avr5\libgcc.a(_pack_sf.o)
 .debug_aranges
                0x00000100       0x20 f:/embeded diploma/programms/sdk_win_64/sdk_win_64/winavr/bin/../lib/gcc/avr/4.3.3/avr5\libgcc.a(_unpack_sf.o)
 .debug_aranges
                0x00000120       0x20 f:/embeded diploma/programms/sdk_win_64/sdk_win_64/winavr/bin/../lib/gcc/avr/4.3.3/avr5\libgcc.a(_fpcmp_parts_sf.o)

.debug_pubnames
                0x00000000      0x170
 *(.debug_pubnames)
 .debug_pubnames
                0x00000000       0x23 f:/embeded diploma/programms/sdk_win_64/sdk_win_64/winavr/bin/../lib/gcc/avr/4.3.3/avr5\libgcc.a(_fixunssfsi.o)
 .debug_pubnames
                0x00000023       0x2c f:/embeded diploma/programms/sdk_win_64/sdk_win_64/winavr/bin/../lib/gcc/avr/4.3.3/avr5\libgcc.a(_addsub_sf.o)
 .debug_pubnames
                0x0000004f       0x1f f:/embeded diploma/programms/sdk_win_64/sdk_win_64/winavr/bin/../lib/gcc/avr/4.3.3/avr5\libgcc.a(_mul_sf.o)
 .debug_pubnames
                0x0000006e       0x1e f:/embeded diploma/programms/sdk_win_64/sdk_win_64/winavr/bin/../lib/gcc/avr/4.3.3/avr5\libgcc.a(_gt_sf.o)
 .debug_pubnames
                0x0000008c       0x1e f:/embeded diploma/programms/sdk_win_64/sdk_win_64/winavr/bin/../lib/gcc/avr/4.3.3/avr5\libgcc.a(_ge_sf.o)
 .debug_pubnames
                0x000000aa       0x1e f:/embeded diploma/programms/sdk_win_64/sdk_win_64/winavr/bin/../lib/gcc/avr/4.3.3/avr5\libgcc.a(_lt_sf.o)
 .debug_pubnames
                0x000000c8       0x20 f:/embeded diploma/programms/sdk_win_64/sdk_win_64/winavr/bin/../lib/gcc/avr/4.3.3/avr5\libgcc.a(_sf_to_si.o)
 .debug_pubnames
                0x000000e8       0x22 f:/embeded diploma/programms/sdk_win_64/sdk_win_64/winavr/bin/../lib/gcc/avr/4.3.3/avr5\libgcc.a(_thenan_sf.o)
 .debug_pubnames
                0x0000010a       0x1f f:/embeded diploma/programms/sdk_win_64/sdk_win_64/winavr/bin/../lib/gcc/avr/4.3.3/avr5\libgcc.a(_pack_sf.o)
 .debug_pubnames
                0x00000129       0x21 f:/embeded diploma/programms/sdk_win_64/sdk_win_64/winavr/bin/../lib/gcc/avr/4.3.3/avr5\libgcc.a(_unpack_sf.o)
 .debug_pubnames
                0x0000014a       0x26 f:/embeded diploma/programms/sdk_win_64/sdk_win_64/winavr/bin/../lib/gcc/avr/4.3.3/avr5\libgcc.a(_fpcmp_parts_sf.o)

.debug_info     0x00000000     0x1c49
 *(.debug_info)
 .debug_info    0x00000000       0xb1 f:/embeded diploma/programms/sdk_win_64/sdk_win_64/winavr/bin/../lib/gcc/avr/4.3.3/avr5\libgcc.a(_fixunssfsi.o)
 .debug_info    0x000000b1      0x47a f:/embeded diploma/programms/sdk_win_64/sdk_win_64/winavr/bin/../lib/gcc/avr/4.3.3/avr5\libgcc.a(_addsub_sf.o)
 .debug_info    0x0000052b      0x485 f:/embeded diploma/programms/sdk_win_64/sdk_win_64/winavr/bin/../lib/gcc/avr/4.3.3/avr5\libgcc.a(_mul_sf.o)
 .debug_info    0x000009b0      0x27f f:/embeded diploma/programms/sdk_win_64/sdk_win_64/winavr/bin/../lib/gcc/avr/4.3.3/avr5\libgcc.a(_gt_sf.o)
 .debug_info    0x00000c2f      0x27f f:/embeded diploma/programms/sdk_win_64/sdk_win_64/winavr/bin/../lib/gcc/avr/4.3.3/avr5\libgcc.a(_ge_sf.o)
 .debug_info    0x00000eae      0x27f f:/embeded diploma/programms/sdk_win_64/sdk_win_64/winavr/bin/../lib/gcc/avr/4.3.3/avr5\libgcc.a(_lt_sf.o)
 .debug_info    0x0000112d      0x2b0 f:/embeded diploma/programms/sdk_win_64/sdk_win_64/winavr/bin/../lib/gcc/avr/4.3.3/avr5\libgcc.a(_sf_to_si.o)
 .debug_info    0x000013dd      0x12c f:/embeded diploma/programms/sdk_win_64/sdk_win_64/winavr/bin/../lib/gcc/avr/4.3.3/avr5\libgcc.a(_thenan_sf.o)
 .debug_info    0x00001509      0x2df f:/embeded diploma/programms/sdk_win_64/sdk_win_64/winavr/bin/../lib/gcc/avr/4.3.3/avr5\libgcc.a(_pack_sf.o)
 .debug_info    0x000017e8      0x251 f:/embeded diploma/programms/sdk_win_64/sdk_win_64/winavr/bin/../lib/gcc/avr/4.3.3/avr5\libgcc.a(_unpack_sf.o)
 .debug_info    0x00001a39      0x210 f:/embeded diploma/programms/sdk_win_64/sdk_win_64/winavr/bin/../lib/gcc/avr/4.3.3/avr5\libgcc.a(_fpcmp_parts_sf.o)
 *(.gnu.linkonce.wi.*)

.debug_abbrev   0x00000000      0xeeb
 *(.debug_abbrev)
 .debug_abbrev  0x00000000       0x5d f:/embeded diploma/programms/sdk_win_64/sdk_win_64/winavr/bin/../lib/gcc/avr/4.3.3/avr5\libgcc.a(_fixunssfsi.o)
 .debug_abbrev  0x0000005d      0x1ea f:/embeded diploma/programms/sdk_win_64/sdk_win_64/winavr/bin/../lib/gcc/avr/4.3.3/avr5\libgcc.a(_addsub_sf.o)
 .debug_abbrev  0x00000247      0x21b f:/embeded diploma/programms/sdk_win_64/sdk_win_64/winavr/bin/../lib/gcc/avr/4.3.3/avr5\libgcc.a(_mul_sf.o)
 .debug_abbrev  0x00000462      0x15a f:/embeded diploma/programms/sdk_win_64/sdk_win_64/winavr/bin/../lib/gcc/avr/4.3.3/avr5\libgcc.a(_gt_sf.o)
 .debug_abbrev  0x000005bc      0x15a f:/embeded diploma/programms/sdk_win_64/sdk_win_64/winavr/bin/../lib/gcc/avr/4.3.3/avr5\libgcc.a(_ge_sf.o)
 .debug_abbrev  0x00000716      0x15a f:/embeded diploma/programms/sdk_win_64/sdk_win_64/winavr/bin/../lib/gcc/avr/4.3.3/avr5\libgcc.a(_lt_sf.o)
 .debug_abbrev  0x00000870      0x17f f:/embeded diploma/programms/sdk_win_64/sdk_win_64/winavr/bin/../lib/gcc/avr/4.3.3/avr5\libgcc.a(_sf_to_si.o)
 .debug_abbrev  0x000009ef       0xad f:/embeded diploma/programms/sdk_win_64/sdk_win_64/winavr/bin/../lib/gcc/avr/4.3.3/avr5\libgcc.a(_thenan_sf.o)
 .debug_abbrev  0x00000a9c      0x1c0 f:/embeded diploma/programms/sdk_win_64/sdk_win_64/winavr/bin/../lib/gcc/avr/4.3.3/avr5\libgcc.a(_pack_sf.o)
 .debug_abbrev  0x00000c5c      0x154 f:/embeded diploma/programms/sdk_win_64/sdk_win_64/winavr/bin/../lib/gcc/avr/4.3.3/avr5\libgcc.a(_unpack_sf.o)
 .debug_abbrev  0x00000db0      0x13b f:/embeded diploma/programms/sdk_win_64/sdk_win_64/winavr/bin/../lib/gcc/avr/4.3.3/avr5\libgcc.a(_fpcmp_parts_sf.o)

.debug_line     0x00000000      0xdad
 *(.debug_line)
 .debug_line    0x00000000       0xa7 f:/embeded diploma/programms/sdk_win_64/sdk_win_64/winavr/bin/../lib/gcc/avr/4.3.3/avr5\libgcc.a(_fixunssfsi.o)
 .debug_line    0x000000a7      0x2af f:/embeded diploma/programms/sdk_win_64/sdk_win_64/winavr/bin/../lib/gcc/avr/4.3.3/avr5\libgcc.a(_addsub_sf.o)
 .debug_line    0x00000356      0x239 f:/embeded diploma/programms/sdk_win_64/sdk_win_64/winavr/bin/../lib/gcc/avr/4.3.3/avr5\libgcc.a(_mul_sf.o)
 .debug_line    0x0000058f       0xd3 f:/embeded diploma/programms/sdk_win_64/sdk_win_64/winavr/bin/../lib/gcc/avr/4.3.3/avr5\libgcc.a(_gt_sf.o)
 .debug_line    0x00000662       0xd3 f:/embeded diploma/programms/sdk_win_64/sdk_win_64/winavr/bin/../lib/gcc/avr/4.3.3/avr5\libgcc.a(_ge_sf.o)
 .debug_line    0x00000735       0xd3 f:/embeded diploma/programms/sdk_win_64/sdk_win_64/winavr/bin/../lib/gcc/avr/4.3.3/avr5\libgcc.a(_lt_sf.o)
 .debug_line    0x00000808      0x109 f:/embeded diploma/programms/sdk_win_64/sdk_win_64/winavr/bin/../lib/gcc/avr/4.3.3/avr5\libgcc.a(_sf_to_si.o)
 .debug_line    0x00000911       0x90 f:/embeded diploma/programms/sdk_win_64/sdk_win_64/winavr/bin/../lib/gcc/avr/4.3.3/avr5\libgcc.a(_thenan_sf.o)
 .debug_line    0x000009a1      0x18a f:/embeded diploma/programms/sdk_win_64/sdk_win_64/winavr/bin/../lib/gcc/avr/4.3.3/avr5\libgcc.a(_pack_sf.o)
 .debug_line    0x00000b2b      0x14b f:/embeded diploma/programms/sdk_win_64/sdk_win_64/winavr/bin/../lib/gcc/avr/4.3.3/avr5\libgcc.a(_unpack_sf.o)
 .debug_line    0x00000c76      0x137 f:/embeded diploma/programms/sdk_win_64/sdk_win_64/winavr/bin/../lib/gcc/avr/4.3.3/avr5\libgcc.a(_fpcmp_parts_sf.o)

.debug_frame    0x00000000      0x160
 *(.debug_frame)
 .debug_frame   0x00000000       0x20 f:/embeded diploma/programms/sdk_win_64/sdk_win_64/winavr/bin/../lib/gcc/avr/4.3.3/avr5\libgcc.a(_fixunssfsi.o)
 .debug_frame   0x00000020       0x40 f:/embeded diploma/programms/sdk_win_64/sdk_win_64/winavr/bin/../lib/gcc/avr/4.3.3/avr5\libgcc.a(_addsub_sf.o)
 .debug_frame   0x00000060       0x20 f:/embeded diploma/programms/sdk_win_64/sdk_win_64/winavr/bin/../lib/gcc/avr/4.3.3/avr5\libgcc.a(_mul_sf.o)
 .debug_frame   0x00000080       0x20 f:/embeded diploma/programms/sdk_win_64/sdk_win_64/winavr/bin/../lib/gcc/avr/4.3.3/avr5\libgcc.a(_gt_sf.o)
 .debug_frame   0x000000a0       0x20 f:/embeded diploma/programms/sdk_win_64/sdk_win_64/winavr/bin/../lib/gcc/avr/4.3.3/avr5\libgcc.a(_ge_sf.o)
 .debug_frame   0x000000c0       0x20 f:/embeded diploma/programms/sdk_win_64/sdk_win_64/winavr/bin/../lib/gcc/avr/4.3.3/avr5\libgcc.a(_lt_sf.o)
 .debug_frame   0x000000e0       0x20 f:/embeded diploma/programms/sdk_win_64/sdk_win_64/winavr/bin/../lib/gcc/avr/4.3.3/avr5\libgcc.a(_sf_to_si.o)
 .debug_frame   0x00000100       0x20 f:/embeded diploma/programms/sdk_win_64/sdk_win_64/winavr/bin/../lib/gcc/avr/4.3.3/avr5\libgcc.a(_pack_sf.o)
 .debug_frame   0x00000120       0x20 f:/embeded diploma/programms/sdk_win_64/sdk_win_64/winavr/bin/../lib/gcc/avr/4.3.3/avr5\libgcc.a(_unpack_sf.o)
 .debug_frame   0x00000140       0x20 f:/embeded diploma/programms/sdk_win_64/sdk_win_64/winavr/bin/../lib/gcc/avr/4.3.3/avr5\libgcc.a(_fpcmp_parts_sf.o)

.debug_str      0x00000000      0x28d
 *(.debug_str)
 .debug_str     0x00000000       0xbf f:/embeded diploma/programms/sdk_win_64/sdk_win_64/winavr/bin/../lib/gcc/avr/4.3.3/avr5\libgcc.a(_fixunssfsi.o)
                                 0xfe (size before relaxing)
 .debug_str     0x000000bf      0x14d f:/embeded diploma/programms/sdk_win_64/sdk_win_64/winavr/bin/../lib/gcc/avr/4.3.3/avr5\libgcc.a(_addsub_sf.o)
                                0x206 (size before relaxing)
 .debug_str     0x0000020c       0x27 f:/embeded diploma/programms/sdk_win_64/sdk_win_64/winavr/bin/../lib/gcc/avr/4.3.3/avr5\libgcc.a(_mul_sf.o)
                                0x1bf (size before relaxing)
 .debug_str     0x00000233        0xf f:/embeded diploma/programms/sdk_win_64/sdk_win_64/winavr/bin/../lib/gcc/avr/4.3.3/avr5\libgcc.a(_gt_sf.o)
                                0x195 (size before relaxing)
 .debug_str     0x00000242        0x8 f:/embeded diploma/programms/sdk_win_64/sdk_win_64/winavr/bin/../lib/gcc/avr/4.3.3/avr5\libgcc.a(_ge_sf.o)
                                0x195 (size before relaxing)
 .debug_str     0x0000024a        0x8 f:/embeded diploma/programms/sdk_win_64/sdk_win_64/winavr/bin/../lib/gcc/avr/4.3.3/avr5\libgcc.a(_lt_sf.o)
                                0x195 (size before relaxing)
 .debug_str     0x00000252        0xa f:/embeded diploma/programms/sdk_win_64/sdk_win_64/winavr/bin/../lib/gcc/avr/4.3.3/avr5\libgcc.a(_sf_to_si.o)
                                0x19e (size before relaxing)
 .debug_str     0x00000000      0x103 f:/embeded diploma/programms/sdk_win_64/sdk_win_64/winavr/bin/../lib/gcc/avr/4.3.3/avr5\libgcc.a(_thenan_sf.o)
 .debug_str     0x0000025c       0x16 f:/embeded diploma/programms/sdk_win_64/sdk_win_64/winavr/bin/../lib/gcc/avr/4.3.3/avr5\libgcc.a(_pack_sf.o)
                                0x19d (size before relaxing)
 .debug_str     0x00000272        0xb f:/embeded diploma/programms/sdk_win_64/sdk_win_64/winavr/bin/../lib/gcc/avr/4.3.3/avr5\libgcc.a(_unpack_sf.o)
                                0x17f (size before relaxing)
 .debug_str     0x0000027d       0x10 f:/embeded diploma/programms/sdk_win_64/sdk_win_64/winavr/bin/../lib/gcc/avr/4.3.3/avr5\libgcc.a(_fpcmp_parts_sf.o)
                                0x163 (size before relaxing)

.debug_loc      0x00000000      0x7ce
 *(.debug_loc)
 .debug_loc     0x00000000       0x34 f:/embeded diploma/programms/sdk_win_64/sdk_win_64/winavr/bin/../lib/gcc/avr/4.3.3/avr5\libgcc.a(_fixunssfsi.o)
 .debug_loc     0x00000034      0x32a f:/embeded diploma/programms/sdk_win_64/sdk_win_64/winavr/bin/../lib/gcc/avr/4.3.3/avr5\libgcc.a(_addsub_sf.o)
 .debug_loc     0x0000035e      0x104 f:/embeded diploma/programms/sdk_win_64/sdk_win_64/winavr/bin/../lib/gcc/avr/4.3.3/avr5\libgcc.a(_mul_sf.o)
 .debug_loc     0x00000462       0x3c f:/embeded diploma/programms/sdk_win_64/sdk_win_64/winavr/bin/../lib/gcc/avr/4.3.3/avr5\libgcc.a(_gt_sf.o)
 .debug_loc     0x0000049e       0x3c f:/embeded diploma/programms/sdk_win_64/sdk_win_64/winavr/bin/../lib/gcc/avr/4.3.3/avr5\libgcc.a(_ge_sf.o)
 .debug_loc     0x000004da       0x3c f:/embeded diploma/programms/sdk_win_64/sdk_win_64/winavr/bin/../lib/gcc/avr/4.3.3/avr5\libgcc.a(_lt_sf.o)
 .debug_loc     0x00000516       0x7e f:/embeded diploma/programms/sdk_win_64/sdk_win_64/winavr/bin/../lib/gcc/avr/4.3.3/avr5\libgcc.a(_sf_to_si.o)
 .debug_loc     0x00000594      0x13e f:/embeded diploma/programms/sdk_win_64/sdk_win_64/winavr/bin/../lib/gcc/avr/4.3.3/avr5\libgcc.a(_pack_sf.o)
 .debug_loc     0x000006d2       0xac f:/embeded diploma/programms/sdk_win_64/sdk_win_64/winavr/bin/../lib/gcc/avr/4.3.3/avr5\libgcc.a(_unpack_sf.o)
 .debug_loc     0x0000077e       0x50 f:/embeded diploma/programms/sdk_win_64/sdk_win_64/winavr/bin/../lib/gcc/avr/4.3.3/avr5\libgcc.a(_fpcmp_parts_sf.o)

.debug_macinfo
 *(.debug_macinfo)
OUTPUT(Smart_Home_Project.elf elf32-avr)
LOAD linker stubs

.debug_ranges   0x00000000       0x50
 .debug_ranges  0x00000000       0x50 f:/embeded diploma/programms/sdk_win_64/sdk_win_64/winavr/bin/../lib/gcc/avr/4.3.3/avr5\libgcc.a(_mul_sf.o)
